// Jest Snapshot v1, https://goo.gl/fbAQLP

exports[`History rendered correctly 1`] = `
<span>
  Loading
</span>
`;
